[INFO] Using python from: C:\Users\kskzz\miniconda3\envs\env_isaaclab\python.exe
Loading user config located at: 'c:/users/kskzz/miniconda3/envs/env_isaaclab/lib/site-packages/isaacsim/kit/data/Kit/Isaac-Sim/5.1/user.config.json'
[Info] [carb] Logging to file: c:/users/kskzz/miniconda3/envs/env_isaaclab/lib/site-packages/isaacsim/kit/logs/Kit/Isaac-Sim/5.1/kit_20260801_002646.log
2026-08-01T04:26:47Z [1,009ms] [Warning] [gpu.foundation.plugin] Skipping unsupported non-NVIDIA GPU: Intel(R) RaptorLake-S Mobile Graphics Controller
2026-08-01T04:26:47Z [1,009ms] [Warning] [gpu.foundation.plugin] Skipping unsupported non-NVIDIA GPU: Intel(R) RaptorLake-S Mobile Graphics Controller
2026-08-01T04:26:47Z [1,010ms] [Warning] [gpu.foundation.plugin] Skipping unsupported non-NVIDIA GPU: Intel(R) RaptorLake-S Mobile Graphics Controller
2026-08-01T04:26:47Z [1,016ms] [Warning] [gpu.foundation.plugin] Skipping unsupported non-NVIDIA GPU: Intel(R) RaptorLake-S Mobile Graphics Controller
2026-08-01T04:26:47Z [1,017ms] [Warning] [gpu.foundation.plugin] Skipping unsupported non-NVIDIA GPU: Intel(R) RaptorLake-S Mobile Graphics Controller
2026-08-01T04:26:47Z [1,017ms] [Warning] [gpu.foundation.plugin] Skipping unsupported non-NVIDIA GPU: Intel(R) RaptorLake-S Mobile Graphics Controller

|---------------------------------------------------------------------------------------------|
| Driver Version: 581.29        | Graphics API: Vulkan
|=============================================================================================|
| GPU | Name                             | Active | LDA | GPU Memory | Vendor-ID | LUID       |
|     |                                  |        |     |            | Device-ID | UUID       |
|     |                                  |        |     |            | Bus-ID    |            |
|---------------------------------------------------------------------------------------------|
| 0   | NVIDIA GeForce RTX 4080 Laptop.. | Yes: 0 |     | 11997   MB | 10de      | efad0100.. |
|     |                                  |        |     |            | 27e0      | 36780613.. |
|     |                                  |        |     |            | 1         |            |
|---------------------------------------------------------------------------------------------|
| 1   | Intel(R) RaptorLake-S Mobile G.. |        |     | 16228   MB | 8086      | fba90100.. |
|     |                                  |        |     |            | a788      | 868088a7.. |
|     |                                  |        |     |            | N/A       |            |
|---------------------------------------------------------------------------------------------|
| 2   | Intel(R) RaptorLake-S Mobile G.. |        |     | 16228   MB | 8086      | d14f0200.. |
|     |                                  |        |     |            | a788      | 868088a7.. |
|     |                                  |        |     |            | N/A       |            |
|---------------------------------------------------------------------------------------------|
| 3   | Intel(R) RaptorLake-S Mobile G.. |        |     | 16228   MB | 8086      | 6a4b0200.. |
|     |                                  |        |     |            | a788      | 868088a7.. |
|     |                                  |        |     |            | N/A       |            |
|=============================================================================================|
| OS: Windows 11 Home, Version: 10.0 (25H2), Build: 26200, Kernel: 10.0.26100.8875
| Processor: 13th Gen Intel(R) Core(TM) i9-13900HX
| Cores: 24 | Logical Cores: 32
|---------------------------------------------------------------------------------------------|
| Total Memory (MB): 32456 | Free Memory: 3016
| Total Page/Swap (MB): 95876 | Free Page/Swap: 863
|---------------------------------------------------------------------------------------------|
2026-08-01T04:26:47Z [1,360ms] [Warning] [gpu.foundation.plugin] PCIe link generation current (3) and maximum (4) for device 0 don't match.
2026-08-01T04:26:47Z [1,360ms] [Warning] [gpu.foundation.plugin] PCIe link width current (8) and maximum (16) for device 0 