[INFO] Using python from: C:\Users\kskzz\miniconda3\envs\env_isaaclab\python.exe
Loading user config located at: 'c:/users/kskzz/miniconda3/envs/env_isaaclab/lib/site-packages/isaacsim/kit/data/Kit/Isaac-Sim/5.1/user.config.json'
[Info] [carb] Logging to file: c:/users/kskzz/miniconda3/envs/env_isaaclab/lib/site-packages/isaacsim/kit/logs/Kit/Isaac-Sim/5.1/kit_20260731_220416.log
[0.174s] [ext: omni.kit.async_engine-0.0.3] startup
[0.447s] [ext: omni.metrics.core-0.0.3] startup
[0.449s] [ext: omni.client.lib-1.1.0] startup
[0.470s] [ext: omni.blobkey-1.1.2] startup
[0.471s] [ext: omni.stats-1.0.1] startup
[0.475s] [ext: omni.datastore-0.0.0] startup
[0.478s] [ext: omni.client-1.3.0] startup
[0.487s] [ext: omni.ujitso.default-1.0.0] startup
[0.491s] [ext: omni.hsscclient-1.1.2] startup
[0.503s] [ext: omni.gpu_foundation.shadercache.vulkan-1.0.0] startup
[0.508s] [ext: omni.assets.plugins-0.0.0] startup
[0.513s] [ext: omni.gpu_foundation-0.0.0] startup
[0.548s] [ext: carb.windowing.plugins-1.0.0] startup
[0.624s] [ext: omni.kit.renderer.init-0.0.0] startup
[0.626s] [ext: omni.materialx.libs-1.0.7] startup
[0.678s] [ext: omni.kit.loop-isaac-1.3.7] startup
[0.681s] [ext: omni.kit.test-2.0.1] startup
[0.861s] [ext: omni.kit.pipapi-0.0.0] startup
[0.863s] [ext: omni.usd.config-1.0.6] startup
[0.878s] [ext: omni.gpucompute.plugins-0.0.0] startup
[0.881s] [ext: omni.usd.libs-1.0.1] startup
[1.238s] [ext: omni.kit.pip_archive-0.0.0] startup
[1.239s] [ext: omni.mdl-56.0.3] startup
2026-08-01T02:04:17Z [1,323ms] [Warning] [gpu.foundation.plugin] Skipping unsupported non-NVIDIA GPU: Intel(R) RaptorLake-S Mobile Graphics Controller
2026-08-01T02:04:17Z [1,323ms] [Warning] [gpu.foundation.plugin] Skipping unsupported non-NVIDIA GPU: Intel(R) RaptorLake-S Mobile Graphics Controller
2026-08-01T02:04:17Z [1,323ms] [Warning] [gpu.foundation.plugin] Skipping unsupported non-NVIDIA GPU: Intel(R) RaptorLake-S Mobile Graphics Controller
2026-08-01T02:04:17Z [1,324ms] [Warning] [gpu.foundation.plugin] Skipping unsupported non-NVIDIA GPU: Intel(R) RaptorLake-S Mobile Graphics Controller
2026-08-01T02:04:17Z [1,324ms] [Warning] [gpu.foundation.plugin] Skipping unsupported non-NVIDIA GPU: Intel(R) RaptorLake-S Mobile Graphics Controller
2026-08-01T02:04:17Z [1,324ms] [Warning] [gpu.foundation.plugin] Skipping unsupported non-NVIDIA GPU: Intel(R) RaptorLake-S Mobile Graphics Controller
[1.470s] [ext: omni.iray.libs-0.0.0] startup
[1.642s] [ext: omni.mdl.neuraylib-0.2.12] startup
[1.658s] [ext: omni.kit.usd.mdl-1.1.5] startup

|---------------------------------------------------------------------------------------------|
| Driver Version: 581.29        | Graphics API: Vulkan
|=============================================================================================|
| GPU | Name                             | Active | LDA | GPU Memory | Vendor-ID | LUID       |
|     |                                  |        |     |            | Device-ID | UUID       |
|     |                                  |        |     |            | Bus-ID    |            |
|---------------------------------------------------------------------------------------------|
| 0   | NVIDIA GeForce RTX 4080 Laptop.. | Yes: 0 |     | 11997   MB | 10de      | efad0100.. |
|     |                                  |        |     |            | 27e0      | 36780613.. |
|     |                                  |        |     |            | 1         |            |
|---------------------------------------------------------------------------------------------|
| 1   | Intel(R) RaptorLake-S Mobile G.. |        |     | 16228   MB | 8086      | fba90100.. |
|     |                                  |        |     |            | a788      | 868088a7.. |
|     |                                  |        |     |            | N/A       |            |
|---------------------------------------------------------------------------------------------|
| 2   | Intel(R) RaptorLake-S Mobile G.. |        |     | 16228   MB | 8086      | d14f0200.. |
|     |                                  |        |     |            | a788      | 868088a7.. |
|     |                                  |        |     |            | N/A       |            |
|---------------------------------------------------------------------------------------------|
| 3   | Intel(R) RaptorLake-S Mobile G.. |        |     | 16228   MB | 8086      | 6a4b0200.. |
|     |                                  |        |     |            | a788      | 868088a7.. |
|     |                                  |        |     |            | N/A       |            |
|=============================================================================================|
| OS: Windows 11 Home, Version: 10.0 (25H2), Build: 26200, Kernel: 10.0.26100.8875
| Processor: 13th Gen Intel(R) Core(TM) i9-13900HX
| Cores: 24 | Logical Cores: 32
|---------------------------------------------------------------------------------------------|
| Total Memory (MB): 32456 | Free Memory: 7153
| Total Page/Swap (MB): 89673 | Free Page/Swap: 9545
|---------------------------------------------------------------------------------------------|
2026-08-01T02:04:18Z [1,861ms] [Warning] [gpu.foundation.plugin] PCIe link width current (8) and maximum (16) for device 0 don't match.
[2.006s] [ext: omni.kit.telemetry-0.5.2] startup
[2.053s] [ext: omni.appwindow-1.1.10] startup
[2.080s] [ext: omni.kit.renderer.core-1.1.0] startup
[2.095s] [ext: omni.kit.renderer.capture-0.0.0] startup
[2.109s] [ext: omni.kit.renderer.imgui-2.0.5] startup
[2.144s] [ext: omni.ui-2.27.1] startup
[2.186s] [ext: omni.kit.mainwindow-1.0.3] startup
[2.191s] [ext: carb.audio-0.1.0] startup
[2.195s] [ext: omni.uiaudio-1.0.0] startup
[2.202s] [ext: omni.kit.uiapp-0.0.0] startup
[2.202s] [ext: omni.usd.schema.metrics.assembler-107.3.1] startup
[2.223s] [ext: omni.usd.schema.audio-0.0.0] startup
[2.246s] [ext: omni.usd_resolver-1.0.0] startup
[2.282s] [ext: omni.usd.core-1.5.3] startup
[2.290s] [ext: omni.usd.schema.render_settings.rtx-0.0.0] startup
[2.379s] [ext: omni.usd.schema.semantics-0.0.0] startup
[2.396s] [ext: omni.usd.schema.geospatial-0.0.0] startup
[2.415s] [ext: omni.usd.schema.anim-0.0.0] startup
[2.506s] [ext: omni.usd.schema.omni_lens_distortion-0.0.0] startup
[2.509s] [ext: isaacsim.robot.schema-3.6.0] startup
[2.542s] [ext: omni.usd.schema.omnigraph-1.0.0] startup
[2.564s] [ext: omni.usd.schema.physx-107.3.26] startup
[2.635s] [ext: omni.usd.schema.omni_sensors-0.0.0] startup
[2.637s] [ext: omni.usd.schema.omniscripting-1.0.0] startup
[2.653s] [ext: omni.graph.exec-0.9.6] startup
[2.655s] [ext: omni.kit.actions.core-1.0.0] startup
[2.664s] [ext: omni.kit.usd_undo-0.1.8] startup
[2.665s] [ext: omni.kit.exec.core-0.13.4] startup
[2.673s] [ext: omni.kit.commands-1.4.10] startup
[2.686s] [ext: omni.kit.window.popup_dialog-2.0.24] startup
[2.697s] [ext: omni.activity.core-1.0.3] startup
[2.702s] [ext: omni.resourcemonitor-107.0.1] startup
[2.708s] [ext: omni.timeline-1.0.14] startup
[2.716s] [ext: omni.kit.widget.nucleus_connector-2.0.1] startup
[2.723s] [ext: usdrt.scenegraph-7.6.1] startup
[2.856s] [ext: omni.kit.audiodeviceenum-1.0.2] startup
[2.863s] [ext: omni.hydra.usdrt_delegate-7.5.1] startup
[2.885s] [ext: omni.hydra.scene_delegate-0.3.4] startup
[2.895s] [ext: omni.usd-1.13.10] startup
[2.969s] [ext: omni.kit.asset_converter-5.0.17] startup
[3.006s] [ext: omni.index.libs-380600.8087.0] startup
[3.006s] [ext: omni.volume-0.5.2] startup
[3.028s] [ext: omni.ujitso.client-0.0.0] startup
[3.029s] [ext: omni.index-1.0.1] startup
[3.032s] [ext: omni.hydra.rtx.shadercache.vulkan-1.0.0] startup
[3.035s] [ext: omni.hydra.rtx-1.0.0] startup
[3.179s] [ext: omni.kit.notification_manager-1.0.10] startup
[3.186s] [ext: omni.kit.clipboard-1.0.5] startup
[3.188s] [ext: omni.kit.viewport.legacy_gizmos-1.0.19] startup
[3.193s] [ext: omni.kit.raycast.query-1.1.0] startup
[3.201s] [ext: omni.kit.menu.core-1.1.2] startup
[3.203s] [ext: omni.kit.widget.options_menu-1.1.6] startup
[3.213s] [ext: omni.kit.helper.file_utils-0.1.9] startup
[3.216s] [ext: omni.kit.widget.path_field-2.0.11] startup
[3.219s] [ext: omni.kit.widget.context_menu-1.2.5] startup
[3.223s] [ext: omni.kit.widget.options_button-1.0.3] startup
[3.225s] [ext: omni.kit.widget.filebrowser-2.12.3] startup
[3.243s] [ext: omni.kit.widget.browser_bar-2.0.10] startup
[3.246s] [ext: omni.kit.usd.layers-2.2.11] startup
[3.269s] [ext: omni.ui.scene-1.11.5] startup
[3.284s] [ext: omni.kit.viewport.registry-104.0.6] startup
[3.286s] [ext: omni.kit.window.filepicker-2.13.4] startup
[3.334s] [ext: omni.kit.menu.utils-2.0.5] startup
[3.353s] [ext: omni.kit.context_menu-1.8.6] startup
[3.359s] [ext: omni.kit.viewport.scene_camera_model-1.0.6] startup
[3.365s] [ext: omni.kit.hydra_texture-1.4.6] startup
[3.373s] [ext: omni.kit.window.file_importer-1.1.18] startup
[3.382s] [ext: omni.kit.widget.searchable_combobox-1.0.6] startup
[3.386s] [ext: omni.kit.window.drop_support-1.0.5] startup
[3.388s] [ext: omni.kit.widget.viewport-107.1.3] startup
[3.404s] [ext: omni.kit.material.library-2.0.7] startup
[3.423s] [ext: omni.hydra.engine.stats-1.0.3] startup
[3.427s] [ext: omni.kit.widget.settings-1.2.6] startup
[3.432s] [ext: omni.kit.viewport.window-107.2.0] startup
[3.880s] [ext: omni.kit.window.preferences-1.8.0] startup
[3.898s] [ext: omni.kit.widget.toolbar-2.0.1] startup
[3.916s] [ext: omni.kit.viewport.utility-1.1.2] startup
[3.917s] [ext: omni.kit.manipulator.transform-107.0.0] startup
[3.929s] [ext: omni.kit.manipulator.tool.snap-1.5.13] startup
[3.941s] [ext: omni.kit.manipulator.selector-1.1.3] startup
[3.945s] [ext: omni.kit.property.adapter.core-1.0.2] startup
[3.951s] [ext: omni.kit.viewport.manipulator.transform-107.0.4] startup
[3.957s] [ext: omni.kit.manipulator.viewport-107.0.1] startup
[3.960s] [ext: omni.kit.property.adapter.fabric-1.0.3] startup
[3.964s] [ext: omni.kit.manipulator.prim.core-107.0.8] startup
[3.983s] [ext: omni.kit.primitive.mesh-1.0.17] startup
[3.995s] [ext: omni.kit.widget.filter-1.1.4] startup
[3.997s] [ext: omni.kit.hotkeys.core-1.3.10] startup
[4.000s] [ext: omni.kit.manipulator.prim.usd-107.0.3] startup
[4.003s] [ext: omni.fabric.commands-1.1.6] startup
[4.010s] [ext: omni.kit.window.file_exporter-1.0.33] startup
[4.013s] [ext: omni.kit.widget.searchfield-1.1.8] startup
[4.017s] [ext: omni.kit.manipulator.prim.fabric-107.0.4] startup
[4.020s] [ext: omni.debugdraw-0.1.4] startup
[4.028s] [ext: omni.kit.widget.stage-3.1.4] startup
[4.066s] [ext: omni.kit.property.adapter.usd-1.0.2] startup
[4.069s] [ext: omni.kit.manipulator.prim-107.0.0] startup
[4.069s] [ext: omni.kvdb-107.3.26] startup
[4.076s] [ext: omni.convexdecomposition-107.3.26] startup
[4.085s] [ext: omni.physx.foundation-107.3.26] startup
[4.101s] [ext: omni.localcache-107.3.26] startup
[4.108s] [ext: omni.kit.window.content_browser_registry-0.0.6] startup
[4.110s] [ext: omni.kit.widget.highlight_label-1.0.3] startup
[4.112s] [ext: omni.kit.stage_template.core-1.1.22] startup
[4.114s] [ext: omni.usdphysics-107.3.26] startup
[4.119s] [ext: omni.kit.window.file-2.0.5] startup
[4.127s] [ext: omni.physx.cooking-107.3.26] startup
[4.138s] [ext: omni.physics-107.3.26] startup
[4.149s] [ext: omni.kit.window.property-1.12.1] startup
[4.159s] [ext: omni.kit.window.content_browser-3.1.3] startup
[4.183s] [ext: omni.physx-107.3.26] startup
[4.221s] [ext: omni.physics.stageupdate-107.3.26] startup
[4.228s] [ext: omni.kit.property.usd-4.5.12] startup
[4.253s] [ext: omni.kit.manipulator.selection-106.0.1] startup
[4.256s] [ext: omni.physics.physx-107.3.26] startup
2026-08-01T02:04:20Z [4,152ms] [Warning] [carb] Acquiring non optional plugin interface which is not listed as dependency: [omni::physx::IPhysxBenchmarks v1.0] (plugin: <default plugin>), by client: omni.physics.physx.plugin. Add it to CARB_PLUGIN_IMPL_DEPS() macro of a client.
[4.258s] [ext: omni.kit.widget.prompt-1.0.7] startup
[4.260s] [ext: omni.kit.viewport.menubar.core-107.2.1] startup
[4.299s] [ext: omni.kit.viewport.actions-107.0.2] startup
[4.306s] [ext: omni.inspect-1.0.2] startup
[4.314s] [ext: omni.kit.widget.layers-1.8.6] startup
[4.349s] [ext: omni.kit.viewport.menubar.display-107.0.3] startup
[4.353s] [ext: omni.usd.metrics.assembler-107.3.1] startup
[4.371s] [ext: omni.graph.core-2.184.5] startup
[4.392s] [ext: omni.kit.numpy.common-0.1.3] startup
[4.397s] [ext: omni.usdphysics.ui-107.3.26] startup
[4.434s] [ext: omni.physx.commands-107.3.26] startup
[4.444s] [ext: isaacsim.core.deprecation_manager-0.2.7] startup
[4.447s] [ext: omni.isaac.dynamic_control-2.0.7] startup
2026-08-01T02:04:20Z [4,356ms] [Warning] [omni.isaac.dynamic_control] omni.isaac.dynamic_control is deprecated as of Isaac Sim 4.5. No action is needed from end-users.
[4.463s] [ext: omni.physx.ui-107.3.26] startup
[4.537s] [ext: isaacsim.core.version-2.0.6] startup
[4.539s] [ext: omni.physics.tensors-107.3.26] startup
[4.553s] [ext: omni.warp.core-1.8.2] startup
[4.778s] [ext: omni.usd.metrics.assembler.physics-107.3.26] startup
[4.784s] [ext: isaacsim.storage.native-1.5.1] startup
[4.789s] [ext: omni.physx.tensors-107.3.26] startup
[4.797s] [ext: isaacsim.core.utils-3.5.1] startup
[4.805s] [ext: isaacsim.core.simulation_manager-1.4.4] startup
[8.271s] [ext: omni.kit.widget.stage_icons-1.0.8] startup
[8.274s] [ext: omni.kit.widget.text_editor-1.1.1] startup
[8.283s] [ext: omni.kit.window.stage-2.6.1] startup
[8.290s] [ext: omni.kit.menu.create-2.0.1] startup
[8.293s] [ext: omni.kit.window.extensions-1.4.27] startup
[8.308s] [ext: omni.kit.scripting-107.3.2] startup
[8.320s] [ext: omni.kit.stagerecorder.core-107.0.3] startup
[8.329s] [ext: isaacsim.replicator.behavior-1.1.16] startup
[8.331s] [ext: omni.graph.tools-1.79.2] startup
[8.397s] [ext: omni.ui_query-1.1.8] startup
[8.398s] [ext: omni.kit.widget.zoombar-1.0.6] startup
[8.401s] [ext: omni.graph-1.141.2] startup
[8.498s] [ext: omni.graph.action_core-1.1.7] startup
[8.509s] [ext: omni.kit.ui_test-1.3.7] startup
[8.515s] [ext: omni.kit.browser.core-2.3.13] startup
[8.528s] [ext: omni.kit.usd.collect-2.4.5] startup
[8.535s] [ext: omni.graph.action_nodes-1.50.4] startup
[8.553s] [ext: omni.kit.menu.stage-1.2.7] startup
[8.561s] [ext: omni.kit.browser.folder.core-1.10.9] startup
[8.581s] [ext: omni.kit.usdz_export-1.0.9] startup
[8.587s] [ext: omni.graph.visualization.nodes-2.1.3] startup
[8.607s] [ext: omni.graph.action-1.130.0] startup
[8.611s] [ext: omni.kit.tool.collect-2.2.18] startup
[8.628s] [ext: omni.kit.tool.asset_importer-4.3.2] startup
[8.666s] [ext: isaacsim.gui.components-1.2.1] startup
[8.676s] [ext: isaacsim.examples.browser-0.2.1] startup
[8.685s] [ext: isaacsim.asset.importer.urdf-2.4.31] startup
[8.897s] [ext: isaacsim.core.cloner-1.4.10] startup
[8.906s] [ext: omni.kit.stagerecorder.ui-107.0.1] startup
[8.916s] [ext: isaacsim.asset.browser-1.3.23] startup
[9.023s] [ext: semantics.schema.editor-2.0.2] startup
2026-08-01T02:04:25Z [8,931ms] [Warning] [pxr.Semantics] pxr.Semantics is deprecated - please use Semantics instead
[9.040s] [ext: omni.kit.stagerecorder.bundle-105.0.2] startup
[9.041s] [ext: omni.kit.window.status_bar-0.1.9] startup
[9.044s] [ext: omni.kit.widget.graph-2.0.0] startup
[9.059s] [ext: omni.kit.stage_templates-2.0.0] startup
[9.065s] [ext: omni.graph.image.core-0.6.1] startup
[9.069s] [ext: omni.kit.graph.delegate.default-1.2.3] startup
[9.071s] [ext: isaacsim.core.experimental.utils-0.3.0] startup
[9.074s] [ext: omni.graph.image.nodes-1.3.1] startup
[9.079s] [ext: omni.kit.graph.editor.core-1.5.3] startup
[9.086s] [ext: omni.kit.graph.usd.commands-1.3.1] startup
[9.088s] [ext: omni.graph.nodes-1.170.10] startup
[9.146s] [ext: omni.graph.ui_nodes-1.50.5] startup
[9.159s] [ext: omni.kit.widget.material_preview-1.0.16] startup
[9.167s] [ext: omni.syntheticdata-0.6.13] startup
[9.227s] [ext: omni.videoencoding-0.1.2] startup
[9.240s] [ext: omni.warp-1.8.2] startup
[9.260s] [ext: omni.kit.window.material_graph-1.9.1] startup
[9.291s] [ext: omni.graph.scriptnode-1.50.0] startup
[9.296s] [ext: isaacsim.core.prims-0.6.1] startup
[9.358s] [ext: isaacsim.test.docstring-1.1.0] startup
[9.369s] [ext: omni.replicator.core-1.12.27] startup
2026-08-01T02:04:26Z [9,632ms] [Warning] [omni.graph.core.plugin] Found duplicate of category 'Replicator' - was 'Annotators', adding 'Fabric Reader'
2026-08-01T02:04:26Z [9,632ms] [Warning] [omni.graph.core.plugin] Category 'Replicator' not accepted on node type 'omni.replicator.core.FabricReader' in extension 'omni.replicator.core'
2026-08-01T02:04:26Z [9,635ms] [Warning] [omni.replicator.core.scripts.extension] No material configuration file, adding configuration to material settings directly.
[9.745s] [ext: isaacsim.core.api-4.8.0] startup
[9.789s] [ext: isaacsim.core.experimental.prims-0.8.1] startup
[9.856s] [ext: isaacsim.core.nodes-3.4.3] startup
[9.881s] [ext: isaacsim.robot.surface_gripper-3.3.1] startup
[9.908s] [ext: isaacsim.util.debug_draw-3.1.0] startup
[9.931s] [ext: omni.sensors.nv.common-3.0.0] startup
[10.060s] [ext: isaacsim.robot.manipulators-3.3.6] startup
[10.107s] [ext: isaacsim.sensors.physx-2.3.2] startup
[10.147s] [ext: omni.sensors.nv.materials-2.0.0] startup
[10.209s] [ext: omni.sensors.net-1.0.0] startup
[10.247s] [ext: isaacsim.app.about-2.0.11] startup
[10.259s] [ext: isaacsim.simulation_app-2.12.2] startup
[10.260s] [ext: omni.sensors.nv.ids-2.0.0] startup
[10.277s] [ext: omni.sensors.nv.lidar-3.0.0] startup
[10.338s] [ext: omni.kit.property.audio-1.0.16] startup
[10.349s] [ext: omni.kit.property.camera-1.0.10] startup
[10.358s] [ext: omni.kit.property.geometry-2.0.4] startup
[10.404s] [ext: omni.hydra.scene_api-0.1.2] startup
[10.419s] [ext: omni.kit.property.light-1.0.12] startup
[10.470s] [ext: omni.sensors.nv.wpm-3.0.0] startup
[10.485s] [ext: omni.kit.selection-0.1.6] startup
[10.511s] [ext: omni.kit.property.material-1.11.9] startup
[10.672s] [ext: omni.kit.property.transform-1.5.13] startup
[10.682s] [ext: omni.kit.property.render-1.2.1] startup
[10.687s] [ext: omni.sensors.nv.radar-3.0.0] startup
[10.708s] [ext: isaacsim.gui.menu-2.4.4] startup
[10.731s] [ext: omni.kit.manipulator.camera-106.0.4] startup
[10.745s] [ext: isaacsim.gui.property-1.1.3] startup
[10.752s] [ext: omni.kit.property.bundle-1.4.1] startup
[10.757s] [ext: isaacsim.sensors.rtx-15.8.4] startup
[10.787s] [ext: isaacsim.sensors.physics-0.4.3] startup
[10.809s] [ext: omni.kit.viewport.menubar.camera-107.0.6] startup
[10.827s] [ext: omni.kit.viewport.menubar.lighting-107.3.1] startup
[10.835s] [ext: omni.kit.viewport.menubar.settings-107.0.3] startup
[10.850s] [ext: omni.kit.viewport.menubar.render-107.0.10] startup
[10.858s] [ext: isaacsim.robot.policy.examples-4.1.11] startup
[10.860s] [ext: isaacsim.asset.importer.mjcf-2.5.13] startup
[10.875s] [ext: omni.kit.window.console-1.1.4] startup
[10.888s] [ext: omni.rtx.window.settings-0.6.19] startup
[10.901s] [ext: omni.ocio-0.1.1] startup
[10.906s] [ext: omni.physx.demos-107.3.26] startup
[10.976s] [ext: omni.kit.property.physx-107.3.26] startup
[11.009s] [ext: omni.replicator.replicator_yaml-2.0.11] startup
[11.044s] [ext: omni.asset_validator.core-1.1.6] startup
[11.130s] [ext: omni.rtx.settings.core-0.6.5] startup
[11.138s] [ext: omni.physx.vehicle-107.3.26] startup
[11.178s] [ext: omni.usd.metrics.assembler.ui-107.3.1] startup
[11.192s] [ext: omni.kit.window.script_editor-2.0.1] startup
[11.203s] [ext: isaacsim.robot.wheeled_robots-4.0.24] startup
[11.230s] [ext: omni.physx.asset_validator-107.3.26] startup
[11.250s] [ext: omni.kit.window.toolbar-2.0.0] startup
[11.256s] [ext: omni.physx.camera-107.3.26] startup
[11.279s] [ext: omni.anim.curve.core-1.3.1] startup
[11.306s] [ext: omni.physx.cct-107.3.26] startup
[11.330s] [ext: omni.physx.graph-107.3.26] startup
[11.361s] [ext: omni.physx.supportui-107.3.26] startup
[11.393s] [ext: omni.physx.telemetry-107.3.26] startup
[11.399s] [ext: isaaclab-0.54.3] startup
[12.070s] [ext: isaaclab_contrib-0.0.2] startup
[12.072s] [ext: isaacsim.core.throttling-2.2.2] startup
[12.077s] [ext: omni.kit.ui.actions-1.0.5] startup
[12.082s] [ext: semantics.schema.property-2.0.1] startup
[12.087s] [ext: omni.physx.bundle-107.3.26] startup
[12.087s] [ext: isaacsim.sensors.camera-1.3.6] startup
[12.096s] [ext: isaaclab_assets-0.2.4] startup
[12.562s] [ext: isaaclab_tasks-0.11.16] startup
[12.973s] [ext: omni.kit.menu.common-2.0.1] startup
[12.976s] [ext: isaaclab_rl-0.5.1] startup
[12.978s] [ext: isaaclab_mimic-1.0.16] startup
[12.979s] [ext: isaaclab.python-2.3.2] startup
[12.983s] Simulation App Starting
2026-08-01T02:04:30Z [13,998ms] [Warning] [omni.fabric.plugin] Warning: attribute overrideClipRange not found for bucket id 9

[14.267s] app ready
[INFO][AppLauncher]: Using device: cuda:0
[INFO][AppLauncher]: Loading experience file: C:\robotics_sim\IsaacLab\apps\isaaclab.python.kit

[36m===================================================================================================================[0m
[36m[1m[INFO][IsaacLab]: Logging to file: C:\Users\kskzz\AppData\Local\Temp\isaaclab\logs\isaaclab_2026-07-31_22-04-33.log[0m
[36m===================================================================================================================[0m

[33m22:04:33 [simulation_context.py] WARNING: The `enable_external_forces_every_iteration` parameter in the PhysxCfg is set to False. If you are experiencing noisy velocities, consider enabling this flag. You may need to slightly increase the number of velocity iterations (setting it to 1 or 2 rather than 0), together with this flag, to improve the accuracy of velocity updates.[0m
